// Jest Snapshot v1, https://goo.gl/fbAQLP

exports[`one player version should render correct list of resources: start screen 1`] = `
<div>
  <div
    class="App"
  >
    <div
      class="flex-container"
    >
      <div
        class="row"
      >
        <div
          class="flex-item"
        >
           
          <button
            class="MuiButtonBase-root MuiButton-root MuiButton-contained makeStyles-root-1 MuiButton-containedPrimary"
            tabindex="0"
            type="button"
          >
            <span
              class="MuiButton-label"
            >
              1 player
            </span>
            <span
              class="MuiTouchRipple-root"
            />
          </button>
        </div>
      </div>
      <div
        class="row"
      >
        <div
          class="flex-item"
        >
          <button
            class="MuiButtonBase-root MuiButton-root MuiButton-contained makeStyles-root-1 MuiButton-containedPrimary"
            tabindex="0"
            type="button"
          >
            <span
              class="MuiButton-label"
            >
              2 players -
               
              <p
                style="color: red; font-weight: 900;"
              >
                BONUS!
              </p>
            </span>
            <span
              class="MuiTouchRipple-root"
            />
          </button>
           
        </div>
      </div>
    </div>
  </div>
</div>
`;
